Add operation not possible.
Add operation not possible.
Input error.