newRoot
root
root
root
root
root
root
rleft ; rmid ; rright
root, ; root,, ; root
exchangedddd
exchangedddd
rleft ; rmid ; rright
root, ; root,, ; exchangedddd
exchangedddd
exchangedddd
rleft ; rmid ; rright
root, ; alsoEXCHANGED! ; exchangedddd